---
source: tests/integration/snapshot_tests.rs
expression: parsed
---
files:
  added: 3
  bytes_added: 45000000
  bytes_removed: 0
  removed: 0
from:
  ref: parent
  snapshot_id: 1234567890
  timestamp: "2023-12-18 16:00:00 UTC"
partitions_modified:
  - date=2024-01-15
schema:
  columns_added: []
  columns_removed: []
to:
  ref: current
  snapshot_id: 1234567899
  timestamp: "2023-12-19 16:00:00 UTC"
